[www.hopkinsmedicine.org/coronavirus/covid-19-self-checker.html]
[backblue.gif]
[fade.gif]
[index.html]
[www.hopkinsmedicine.org/coronavirus/covid-19-self-checker.html]
[www.hopkinsmedicine.org/sebin/t/r/main.css]
[www.hopkinsmedicine.org/sebin/b/o/components.css]
[www.hopkinsmedicine.org/se/styles/out/5852723FC173F8C0E427B8649818D0CA.css]
[www.googletagmanager.com/gtm5445.html]
[www.hopkinsmedicine.org/sebin/t/r/main.css]
[www.hopkinsmedicine.org/sebin/x/g/enterprise-local.css]
[www.hopkinsmedicine.org/sebin/x/g/enterprise-local.css]
[www.hopkinsmedicine.org/sebin/b/o/components.css]
[www.hopkinsmedicine.org/sebin/t/r/main790f.css]
[www.hopkinsmedicine.org/sebin/x/g/enterprise-local28b5.css]
[www.hopkinsmedicine.org/sebin/b/o/components790f.css]
[www.hopkinsmedicine.org/coronavirus/for-johns-hopkins-patients.html]
[www.hopkinsmedicine.org/coronavirus/visitor-guidelines.html]
[www.hopkinsmedicine.org/coronavirus/index.html]
[www.hopkinsmedicine.org/coronavirus/giving.html]
[www.hopkinsmedicine.org/coronavirus/extraordinary-people/index.html]
[www.hopkinsmedicine.org/coronavirus/newsletter.html]
[www.hopkinsmedicine.org/coronavirus/articles/index.html]
[www.hopkinsmedicine.org/coronavirus/health-articles.html]
[www.hopkinsmedicine.org/coronavirus/resources-translation.html]
[www.hopkinsmedicine.org/coronavirus/coronavirus-research/index.html]
[www.hopkinsmedicine.org/coronavirus/cancellations.html]
[www.hopkinsmedicine.org/coronavirus/patient-stories/index.html]
[www.hopkinsmedicine.org/coronavirus/in-person-appointments.html]
[www.hopkinsmedicine.org/coronavirus/surgeries-procedures.html]
[www.hopkinsmedicine.org/coronavirus/hospital-care.html]
[www.hopkinsmedicine.org/coronavirus/testing-and-care.html]
[www.hopkinsmedicine.org/coronavirus/keeping-patients-safe.html]
[www.hopkinsmedicine.org/coronavirus/patient-visitor-entrances-garages.html]
[www.hopkinsmedicine.org/coronavirus/patient-care-videos.html]
[www.hopkinsmedicine.org/coronavirus/index-2.html]
[code.jquery.com/jquery-3.2.1.min.js]
[kit.fontawesome.com/fb7d10f07e.js]
[www.hopkinsmedicine.org/sebin/z/z/main28b5.js]
[www.hopkinsmedicine.org/sebin/d/e/play-btn.html]
[www.hopkinsmedicine.org/sebin/b/o/componentsd41d.html]
[www.hopkinsmedicine.org/lib/css/youtube-playerd41d.html]
[www.hopkinsmedicine.org/sebin/x/i/video-widgets.html]
[cdnjs.cloudflare.com/ajax/libs/jquery/3.2.1/jquery.min.html]
[www.hopkinsmedicine.org/coronavirus/_images/Cancer_1920x740.html]
[www.hopkinsmedicine.org/coronavirus/_images/keeping-patients-safe640.html]
[www.hopkinsmedicine.org/coronavirus/_images/coronavirus-routine-appointments1.html]
[www.hopkinsmedicine.org/coronavirus/_images/videovisits640.html]
[www.hopkinsmedicine.org/coronavirus/_images/elective640.html]
[www.hopkinsmedicine.org/coronavirus/_images/hospital640.html]
[www.hopkinsmedicine.org/coronavirus/_images/covid-card-640.html]
[www.hopkinsmedicine.org/coronavirus/espanol/index.html]
[www.hopkinsmedicine.org/coronavirus/testing-before-gi-procedure.html]
[www.hopkinsmedicine.org/coronavirus/hearing-care.html]
[www.hopkinsmedicine.org/coronavirus/breast-cancer-care.html]
[www.hopkinsmedicine.org/coronavirus/_documents/INF2004038_LB_Right Health Care_infographic-16.html]
[www.hopkinsmedicine.org/dev/coronavirus/old/Right Health Care_infographic-16_640.html]
[www.hopkinsmedicine.org/coronavirus/_images/patient-care-white-bg.html]
[www.hopkinsmedicine.org/coronavirus/_images/mobile-device-landscape-640x440.html]
[www.hopkinsmedicine.org/coronavirus/_images/personal-preparedness.html]
[www.hopkinsmedicine.org/patient_care/locations/green_spring/_images/slideshow-safety/2.html]
[www.hopkinsmedicine.org/patient_care/locations/green_spring/_images/slideshow-safety/3.html]
[www.hopkinsmedicine.org/patient_care/locations/green_spring/_images/slideshow-safety/4.html]
[www.hopkinsmedicine.org/patient_care/locations/green_spring/_images/slideshow-safety/5.html]
[www.hopkinsmedicine.org/patient_care/locations/green_spring/_images/slideshow-safety/6.html]
[www.hopkinsmedicine.org/patient_care/locations/green_spring/_images/slideshow-safety/7.html]
[www.hopkinsmedicine.org/patient_care/locations/green_spring/_images/slideshow-safety/8.html]
[www.hopkinsmedicine.org/patient_care/locations/green_spring/_images/slideshow-safety/9.html]
[www.hopkinsmedicine.org/patient_care/locations/green_spring/_images/slideshow-safety/10.html]
[www.hopkinsmedicine.org/patient_care/locations/green_spring/_images/slideshow-safety/11.html]
[www.hopkinsmedicine.org/patient_care/locations/green_spring/_images/slideshow-safety/12.html]
[www.hopkinsmedicine.org/patient_care/locations/green_spring/_images/slideshow-safety/13.html]
[www.hopkinsmedicine.org/patient_care/locations/green_spring/_images/slideshow-safety/14.html]
[www.hopkinsmedicine.org/patient_care/locations/green_spring/_images/slideshow-safety/15.html]
[www.hopkinsmedicine.org/patient_care/locations/green_spring/_images/slideshow-safety/16.html]
[www.hopkinsmedicine.org/patient_care/locations/green_spring/_images/slideshow-safety/17.html]
[www.hopkinsmedicine.org/patient_care/locations/green_spring/_images/slideshow-safety/18.html]
[www.hopkinsmedicine.org/patient_care/locations/green_spring/_images/slideshow-safety/19.html]
[www.hopkinsmedicine.org/patient_care/locations/green_spring/_images/slideshow-safety/20.html]
[www.hopkinsmedicine.org/patient_care/locations/green_spring/_images/slideshow-safety/21.html]
[www.hopkinsmedicine.org/coronavirus/newsletter/index.html]
[www.hopkinsmedicine.org/coronavirus/digital-screening.html]
[www.hopkinsmedicine.org/coronavirus/_documents/jhbmc-care-partner-guidelines.html]
[www.hopkinsmedicine.org/coronavirus/vaccine-development.html]
[www.hopkinsmedicine.org/coronavirus/coronavirus-myths-rumors-misinformation.html]
[www.hopkinsmedicine.org/coronavirus/telemedicine.html]
[www.hopkinsmedicine.org/coronavirus/screening-test.html]
[www.hopkinsmedicine.org/coronavirus/_images/coronavirus-hero.html]
[www.hopkinsmedicine.org/coronavirus/covid-19-daily-report.html]
[www.hopkinsmedicine.org/coronavirus/_images/sick-woman-with-cold-press.html]
[www.hopkinsmedicine.org/coronavirus/_images/halloween-card.html]
[www.hopkinsmedicine.org/coronavirus/_images/testing640.html]
[www.hopkinsmedicine.org/sebin/r/x/EPEM-graphic-wide.html]
[www.hopkinsmedicine.org/coronavirus/_images/extraordinary-people/everyday-heroes-960.html]
[www.hopkinsmedicine.org/coronavirus/extraordinary-people/details.html]
[www.hopkinsmedicine.org/coronavirus/_images/extraordinary-people/Catherine-Wren-new-960.html]
[www.hopkinsmedicine.org/coronavirus/_images/extraordinary-people/Rickey-Jenkins_960.html]
[www.hopkinsmedicine.org/coronavirus/_images/extraordinary-people/Ladonna-Bingham_960.html]
[www.hopkinsmedicine.org/coronavirus/_images/extraordinary-people/Bethany-Peters_960.html]
[www.hopkinsmedicine.org/coronavirus/_images/extraordinary-people/SHOHAM-shmuel_960.html]
[www.hopkinsmedicine.org/coronavirus/_images/extraordinary-people/community-ty_960.html]
[www.hopkinsmedicine.org/coronavirus/_images/extraordinary-people/jh-team_960.html]
[www.hopkinsmedicine.org/coronavirus/_images/extraordinary-people/Teira-Torbit_960.html]
[www.hopkinsmedicine.org/coronavirus/_images/extraordinary-people/James-Taylor_960.html]
[www.hopkinsmedicine.org/coronavirus/_images/extraordinary-people/Nisar-Yaseen_960.html]
[www.hopkinsmedicine.org/coronavirus/_images/extraordinary-people/Rob-Grader_960.html]
[www.hopkinsmedicine.org/sebin/v/b/photobooks.html]
[www.hopkinsmedicine.org/sebin/t/w/photobooks-print.html]
[www.hopkinsmedicine.org/lib/css/photobooks/photobooks-profilelayout.html]
[www.hopkinsmedicine.org/lib/js/jquery.modalHome.min.html]
[www.hopkinsmedicine.org/lib/js/photobooks/pb-library.html]
[www.hopkinsmedicine.org/lib/docscores/docscores.html]
[www.hopkinsmedicine.org/lib/docscores/docscores-helper.html]
[www.hopkinsmedicine.org/sebin/custom/hopkins_photos/18509.html]
[www.hopkinsmedicine.org/sebin/custom/hopkins_photos/10761.html]
[www.hopkinsmedicine.org/sebin/custom/hopkins_photos/3971.html]
[www.hopkinsmedicine.org/sebin/custom/hopkins_photos/9313.html]
[www.hopkinsmedicine.org/sebin/custom/hopkins_photos/19237.html]
[www.hopkinsmedicine.org/sebin/custom/hopkins_photos/10002278.html]
[www.hopkinsmedicine.org/sebin/h/y/covid-giving-banner.html]
[www.hopkinsmedicine.org/coronavirus/_images/coronavirus-screening.html]
[www.hopkinsmedicine.org/coronavirus/_images/covid-research.html]
[www.hopkinsmedicine.org/coronavirus/_images/Doruk-2-resized-768x822_800.html]
[www.hopkinsmedicine.org/coronavirus/_images/INF2003073_SW_Mask drop off_map.html]
[www.hopkinsmedicine.org/coronavirus/_documents/maskmap-jhbmc.html]
[www.hopkinsmedicine.org/coronavirus/_documents/INF2003076_VW_Hand-Sewn Mask instructions-1.html]
[www.hopkinsmedicine.org/coronavirus/_documents/Child-Size-Mask-Instructions.html]
[www.hopkinsmedicine.org/coronavirus/_images/Home-Sewn-Mask_800.html]
[www.hopkinsmedicine.org/coronavirus/_images/home-3d-printing-800.html]
[www.hopkinsmedicine.org/coronavirus/_images/food-donation_800.html]
[www.hopkinsmedicine.org/coronavirus/_documents/coronavirus-jhm-supply-request.html]
[www.hopkinsmedicine.org/coronavirus/extraordinary-people/index-2.html]
[www.hopkinsmedicine.org/sebin/l/i/EPEM-graphic-wide2.html]
[www.hopkinsmedicine.org/coronavirus/_images/extraordinary-people/everyday-heroes-640.html]
[www.hopkinsmedicine.org/coronavirus/_images/extraordinary-people/Catherine-Wren-new-640.html]
[www.hopkinsmedicine.org/coronavirus/_images/extraordinary-people/Rickey-Jenkins_640.html]
[www.hopkinsmedicine.org/coronavirus/_images/extraordinary-people/Ladonna-Bingham_640.html]
[www.hopkinsmedicine.org/coronavirus/_images/extraordinary-people/Bethany-Peters_640.html]
[www.hopkinsmedicine.org/coronavirus/_images/extraordinary-people/SHOHAM-shmuel.html]
[www.hopkinsmedicine.org/coronavirus/_images/extraordinary-people/community-thankyou_640.html]
[www.hopkinsmedicine.org/coronavirus/_images/extraordinary-people/jh-team_640.html]
[www.hopkinsmedicine.org/coronavirus/_images/extraordinary-people/Teira-Torbit_640.html]
[www.hopkinsmedicine.org/coronavirus/_images/extraordinary-people/james-taylor-640_thumb.html]
[www.hopkinsmedicine.org/coronavirus/_images/extraordinary-people/Nisar-Yaseen_640.html]
[www.hopkinsmedicine.org/coronavirus/_images/extraordinary-people/Rob-Grader_640.html]
[www.hopkinsmedicine.org/coronavirus/_images/extraordinary-people/lolita-moore-640_thumb.html]
[www.hopkinsmedicine.org/coronavirus/_images/extraordinary-people/Annette-Jenkins_640.html]
[www.hopkinsmedicine.org/coronavirus/_images/extraordinary-people/danielle-hirsch-640_thumb.html]
[www.hopkinsmedicine.org/coronavirus/_images/extraordinary-people/Roark-Nixon_640.html]
[www.hopkinsmedicine.org/coronavirus/_images/extraordinary-people/Miriam-Zapeda_640.html]
[www.hopkinsmedicine.org/coronavirus/_images/extraordinary-people/bruce-wright-640_thumb.html]
[www.hopkinsmedicine.org/coronavirus/_images/extraordinary-people/Daliah-Halboni_640.html]
[www.hopkinsmedicine.org/coronavirus/_images/extraordinary-people/kimberly-kelly-640_thumb.html]
[www.hopkinsmedicine.org/coronavirus/_images/extraordinary-people/Chrystal-Brown-Drive-Through-Testing_640.html]
[www.hopkinsmedicine.org/coronavirus/_images/extraordinary-people/Dawn-Silver_640jpg.html]
[www.hopkinsmedicine.org/coronavirus/_images/extraordinary-people/Lynne-Lightfoote_640.html]
[www.hopkinsmedicine.org/se/styles/mod/advancedforms/skins/none29f9.html]
[www.hopkinsmedicine.org/se/styles/mod/advancedforms/skins/basic29f9.html]
[www.hopkinsmedicine.org/se/js/mod/advancedforms/cfform.html]
[www.hopkinsmedicine.org/coronavirus/articles/index-2.html]
[www.hopkinsmedicine.org/coronavirus/articles/screener-tool.html]
[www.hopkinsmedicine.org/coronavirus/articles/_images/self-screener-640x440.html]
[www.hopkinsmedicine.org/coronavirus/articles/lifeline-support-milestone.html]
[www.hopkinsmedicine.org/coronavirus/_images/COVID-HCGH658-LIFELINE_640.html]
[www.hopkinsmedicine.org/coronavirus/articles/covid-test-update.html]
[www.hopkinsmedicine.org/coronavirus/articles/_images/GettyImages-1212600168.html]
[www.hopkinsmedicine.org/coronavirus/articles/testing-communities.html]
[www.hopkinsmedicine.org/coronavirus/articles/_images/testing-sized.html]
[www.hopkinsmedicine.org/coronavirus/articles/innovative-rehabilitation.html]
[www.hopkinsmedicine.org/coronavirus/_images/pmr-covid-card.html]
[www.hopkinsmedicine.org/coronavirus/articles/treating-substance-use-disorder.html]
[www.hopkinsmedicine.org/coronavirus/articles/_images/addiction-telemedicine-hero-640x440.html]
[www.hopkinsmedicine.org/coronavirus/articles/dialysis-fluid.html]
[www.hopkinsmedicine.org/coronavirus/articles/_images/Nephrologists-Chirag-Parikh-and-Derek-Fine-640x440.html]
[www.hopkinsmedicine.org/coronavirus/articles/stay-connected.html]
[www.hopkinsmedicine.org/coronavirus/_images/mychart-bedside-table-640x440.html]
[www.hopkinsmedicine.org/coronavirus/articles/prone-team.html]
[www.hopkinsmedicine.org/coronavirus/_images/COVID-19-Nursing-Prone-team-640x440.html]
[www.hopkinsmedicine.org/coronavirus/articles/go-team.html]
[www.hopkinsmedicine.org/coronavirus/_images/GO-TEAM-640x440.html]
[www.hopkinsmedicine.org/coronavirus/articles/coronavirus-and-music.html]
[www.hopkinsmedicine.org/coronavirus/_images/coronavirus-concert.html]
[www.hopkinsmedicine.org/coronavirus/articles/lifeline-team.html]
[www.hopkinsmedicine.org/coronavirus/articles/icu-recovery.html]
[www.hopkinsmedicine.org/coronavirus/_images/COVID-ICU-illustration.html]
[www.hopkinsmedicine.org/coronavirus/articles/health-of-staff.html]
[www.hopkinsmedicine.org/coronavirus/_images/COVID-meditation.html]
[www.hopkinsmedicine.org/coronavirus/articles/home-based-care.html]
[www.hopkinsmedicine.org/coronavirus/_images/KILEN-amy-640x440.html]
[www.hopkinsmedicine.org/coronavirus/articles/all-hands-on-deck.html]
[www.hopkinsmedicine.org/coronavirus/_images/COVID-HCGH-3-Francisco-Ruiz-Todd-Heron-and-Babu-Varghese_640.html]
[www.hopkinsmedicine.org/coronavirus/articles/covid-19-recovery-unit.html]
[www.hopkinsmedicine.org/coronavirus/_images/ficke_james_640x440.html]
[www.hopkinsmedicine.org/coronavirus/_images/students-zoom.html]
[www.hopkinsmedicine.org/coronavirus/articles/timeline.html]
[www.hopkinsmedicine.org/coronavirus/_images/ww1_640x440.html]
[www.hopkinsmedicine.org/coronavirus/articles/maternity-ward.html]
[www.hopkinsmedicine.org/coronavirus/_images/Anita-and-baby_640.html]
[www.hopkinsmedicine.org/coronavirus/_images/red-blood-cells-640.html]
[www.hopkinsmedicine.org/coronavirus/articles/face-shields.html]
[www.hopkinsmedicine.org/coronavirus/_images/garet-howard.html]
[www.hopkinsmedicine.org/coronavirus/articles/coronavirus-myths-rumors-misinformation.html]
[www.hopkinsmedicine.org/coronavirus/_images/woman-on-phone.html]
[www.hopkinsmedicine.org/coronavirus/articles/vaccine-development.html]
[www.hopkinsmedicine.org/coronavirus/_images/Wu_Hung_640.html]
[www.hopkinsmedicine.org/coronavirus/articles/telemedicine.html]
[www.hopkinsmedicine.org/coronavirus/_images/man-telemedicine640-1.html]
[www.hopkinsmedicine.org/coronavirus/articles/screening-test.html]
[www.hopkinsmedicine.org/coronavirus/_images/Mostafa-Carroll.html]
[www.hopkinsmedicine.org/coronavirus/articles/ask-the-expert.html]
[www.hopkinsmedicine.org/coronavirus/_images/coronavirus640.html]
[www.hopkinsmedicine.org/coronavirus/_images/physical-therapy-640x440.html]
[www.hopkinsmedicine.org/coronavirus/_images/flu-season-640.html]
[www.hopkinsmedicine.org/coronavirus/_images/flu shot-white_bg640.html]
[www.hopkinsmedicine.org/coronavirus/_images/mask-white-bg.html]
[www.hopkinsmedicine.org/coronavirus/_images/covid-at-a-glance.html]
[www.hopkinsmedicine.org/coronavirus/_images/superhero-punching-germ.html]
[www.hopkinsmedicine.org/coronavirus/_images/mom-and-child-care-during-covid.html]
[www.hopkinsmedicine.org/coronavirus/_images/data-spike-teaser.html]
[www.hopkinsmedicine.org/coronavirus/_documents/translation.html/arabic.html/JHM-Visitor-Guidelines-Arabic.html]
[www.hopkinsmedicine.org/coronavirus/_documents/translation.html/Clinical_Communications_Using_Zoom_to_Talk_with_Your_Provider_Arabic_4.20.html]
[www.hopkinsmedicine.org/coronavirus/_documents/translation.html/chinese.html/JHM-Visitor-Guidelines-Chinese.html]
[www.hopkinsmedicine.org/coronavirus/_documents/translation.html/korean.html/JHM-Visitor-Guidelines-Korean.html]
[www.hopkinsmedicine.org/coronavirus/_documents/translation.html/russian/JHM-Visitor-Guidelines-_RU.html]
[www.hopkinsmedicine.org/coronavirus/coronavirus-research/index-2.html]
[www.hopkinsmedicine.org/coronavirus/coronavirus-research/_images/doctor-working-lab_1440.html]
[www.hopkinsmedicine.org/sebin/n/p/Nursing home dialysis_kidneys_istock.html]
[www.hopkinsmedicine.org/sebin/x/m/Nose Entry Point_layers of cells in the nose_ Mengfei Chen.html]
[www.hopkinsmedicine.org/sebin/v/b/PlasmaDoDimage-640.html]
[www.hopkinsmedicine.org/sebin/j/h/person-taking-medications-640.html]
[www.hopkinsmedicine.org/sebin/l/q/Kepping PICUs connected graphic.html]
[www.hopkinsmedicine.org/sebin/t/m/Extracellular_vesicles_640.html]
[www.hopkinsmedicine.org/sebin/d/i/800 Postivie_COVID_Test_GettyImages-1201739887_640.html]
[www.hopkinsmedicine.org/sebin/l/y/Backlogged-surgeries_image.html]
[www.hopkinsmedicine.org/sebin/p/q/False-negatives_640x440.html]
[www.hopkinsmedicine.org/sebin/t/g/Dialysate-Bag_640.html]
[www.hopkinsmedicine.org/sebin/b/b/Machine Learning_Heart_Illustration_Cardiovascular_ iStock-484003828_640.html]
[www.hopkinsmedicine.org/sebin/l/k/Obesity_weight_loss_GettyImages-656948420_640.html]
[www.hopkinsmedicine.org/sebin/z/t/Pregnant_belly_hospital_GettyImages-653873888_640.html]
[www.hopkinsmedicine.org/sebin/x/q/Brain_Neuron-collage_image-credit-Chirag-Vasavda_640.html]
[www.hopkinsmedicine.org/sebin/n/l/COVID-Control_640.html]
[www.hopkinsmedicine.org/sebin/b/v/2-TEM-IBV_640.html]
[www.hopkinsmedicine.org/sebin/f/d/novel-coronavirus-for-newsroom_640.html]
[www.hopkinsmedicine.org/coronavirus/patient-stories/index-2.html]
[www.hopkinsmedicine.org/coronavirus/patient-stories/theirrien-clark.html]
[www.hopkinsmedicine.org/coronavirus/patient-stories/images.html/theirrien-clark.html]
[www.hopkinsmedicine.org/coronavirus/patient-stories/gerry-georgene-stephens.html]
[www.hopkinsmedicine.org/coronavirus/patient-stories/ahmad-ayyad.html]
[www.hopkinsmedicine.org/coronavirus/patient-stories/images.html/ahmad-before-and-after.html]
[www.hopkinsmedicine.org/coronavirus/patient-stories/sammy-eldin.html]
[www.hopkinsmedicine.org/coronavirus/_images/sammy-eldin-patient-story.html]
[www.hopkinsmedicine.org/sebin/d/c/JH-Community-Physicians_640.html]
[www.hopkinsmedicine.org/sebin/x/u/cleaning-exam-rooms.html]
[www.hopkinsmedicine.org/sebin/z/f/xray-ppe.html]
[www.hopkinsmedicine.org/sebin/p/w/patient-care-white-bg.html]
[www.hopkinsmedicine.org/sebin/f/x/symptom-tracker.html]
[www.hopkinsmedicine.org/sebin/n/h/mask-blue-bg.html]
[www.hopkinsmedicine.org/sebin/x/a/waiting-room.html]
[www.hopkinsmedicine.org/sebin/n/j/wiping1.html]
[www.hopkinsmedicine.org/sebin/p/w/blood-pressure.html]
[www.hopkinsmedicine.org/coronavirus/self-test.html]
[www.hopkinsmedicine.org/sebin/d/w/wiping-rail.html]
[www.hopkinsmedicine.org/sebin/f/a/chairs.html]
[www.hopkinsmedicine.org/sebin/f/n/wiping-door.html]
[www.hopkinsmedicine.org/coronavirus/elective-procedures.html]
[www.hopkinsmedicine.org/sebin/p/y/INF2004038_LB_Right Health Care_infographic-16_640.html]
[www.hopkinsmedicine.org/sebin/f/r/testing_640.html]
[www.hopkinsmedicine.org/sebin/x/s/safety-signage_640.html]
[www.hopkinsmedicine.org/coronavirus/virtual-resources.html]
[www.hopkinsmedicine.org/sebin/l/m/mobile-device-landscape-640x440.html]
[www.hopkinsmedicine.org/coronavirus/_documents/Instructions-COVID19-SelfTest.html]
[www.hopkinsmedicine.org/coronavirus/_documents/INF2004019_MH_COVID19 testing station_maps-JHH.html]
[www.hopkinsmedicine.org/coronavirus/_documents/INF2004019_MH_COVID19 testing station_maps-JHOC.html]
[www.hopkinsmedicine.org/coronavirus/_documents/INF2004019_MH_COVID19 testing station_maps-HCGH.html]
[www.hopkinsmedicine.org/coronavirus/_documents/INF2004019_MH_COVID19 testing station_maps-sibley.html]
[www.hopkinsmedicine.org/coronavirus/_documents/INF2004019_MH_COVID19 testing station_maps-suburban.html]
[www.hopkinsmedicine.org/coronavirus/_documents/INF2004019_MH_COVID19 testing station_maps-JHBMC.html]
[www.hopkinsmedicine.org/sebin/d/o/Amy-Penney_640.html]
[www.hopkinsmedicine.org/sebin/z/n/Sophie-Lanzkron_640.html]
[www.hopkinsmedicine.org/coronavirus/_images/testing.html]
[www.hopkinsmedicine.org/coronavirus/_images/masks.html]
[www.hopkinsmedicine.org/coronavirus/_images/cleaning.html]
[www.hopkinsmedicine.org/coronavirus/_images/distancing.html]
[www.hopkinsmedicine.org/coronavirus/_images/coronavirustelemed640.html]
[www.hopkinsmedicine.org/coronavirus/8A3F351DEDF37D5375CD0F32EE0F8987.html]
[www.hopkinsmedicine.org/coronavirus/_documents/CampusMap200313OPEN.html]
[www.hopkinsmedicine.org/coronavirus/_documents/CampusMap-200313OPEN.html]
[www.hopkinsmedicine.org/coronavirus/espanol/index-2.html]
[www.hopkinsmedicine.org/coronavirus/espanol/_images/siblings-wearing-masks-outside-1440x320.html]
[www.hopkinsmedicine.org/coronavirus/espanol/_images/siblings-hugging-masks-mobilehero.html]
[www.hopkinsmedicine.org/coronavirus/_documents/translation.html/spanish.html/COVID-INFOGRAPHIC.html]
[www.hopkinsmedicine.org/coronavirus/_documents/translation.html/spanish.html/What_is_Coronavirus_Peds_Spanish.html]
[www.hopkinsmedicine.org/coronavirus/espanol/_images/coronavirus-kids.html]
[www.hopkinsmedicine.org/coronavirus/espanol/_images/social-distance-spanish.html]
[www.hopkinsmedicine.org/coronavirus/for-johns-hopkins-patients-espanol.html]
[www.hopkinsmedicine.org/coronavirus/_images/xray-ppe.html]
[www.hopkinsmedicine.org/coronavirus/espanol/_images/_JHU4841-640.html]
[www.hopkinsmedicine.org/coronavirus/getting-care-you-need-espanol.html]
[www.hopkinsmedicine.org/coronavirus/_images/blood-pressure.html]
[www.hopkinsmedicine.org/coronavirus/_documents/translation.html/JHCC COVID-19 Talking Points_Final_SPANISH_final.html]
[www.hopkinsmedicine.org/coronavirus/_documents/translation.html/Visitation Letter to Families from JHCC Leadership_SPANISH.html]
[www.hopkinsmedicine.org/coronavirus/_images/safety-signage_640.html]
[www.hopkinsmedicine.org/coronavirus/espanol/_images/libro-de-actividades.html]
[www.hopkinsmedicine.org/coronavirus/espanol/_images/servicio-de-urgencias-pediatricas.html]
[www.hopkinsmedicine.org/coronavirus/_documents/translation.html/spanish.html/Using_Zoom_with_provider_Spanish.html]
[www.hopkinsmedicine.org/coronavirus/espanol/_images/woman-videochat-with-friend-640.html]
[www.hopkinsmedicine.org/coronavirus/_documents/translation.html/SpanishMyChart_Message_About_Care_Options_During_COVID191.html]
[www.hopkinsmedicine.org/coronavirus/espanol/_images/man-telemedicine.html]
[www.hopkinsmedicine.org/sebin/p/k/LatinX-Community-Communications-800.html]
[www.hopkinsmedicine.org/coronavirus/espanol/_images/LatinX Community Communications-social-JHM1024_1.html]
[www.hopkinsmedicine.org/coronavirus/espanol/_files/LatinX Community Communications-poster-JHM.html]
[www.hopkinsmedicine.org/coronavirus/espanol/_files/comic-spanish.html]
[www.hopkinsmedicine.org/sebin/p/u/coronavirus-screening_640.html]
[www.hopkinsmedicine.org/sebin/r/f/ellen-stein.html]
[www.hopkinsmedicine.org/sebin/l/w/_JHU4970_640.html]
[www.hopkinsmedicine.org/sebin/j/p/_JHU4860.html]
[www.hopkinsmedicine.org/sebin/l/i/_JHU4879_plastic-masks_640.html]
[www.hopkinsmedicine.org/sebin/h/o/_JHU4898_written-directions_640.html]
[www.hopkinsmedicine.org/sebin/v/x/_JHU4775-hearing-telemedicine_640.html]
[www.hopkinsmedicine.org/sebin/p/k/jacobs-lisa.html]
[www.hopkinsmedicine.org/sebin/z/n/message-cell.html]
[www.hopkinsmedicine.org/sebin/x/k/dob-cell.html]
[www.hopkinsmedicine.org/sebin/p/e/test-cell.html]
[www.hopkinsmedicine.org/sebin/z/h/side-by-side-cell.html]
[www.hopkinsmedicine.org/sebin/b/p/green-screen-cell.html]
[www.hopkinsmedicine.org/sebin/x/k/red-screen-cell.html]
[www.hopkinsmedicine.org/sebin/v/t/invalid-link-cell.html]
[www.hopkinsmedicine.org/sebin/l/i/screening-step-9.html]
[www.hopkinsmedicine.org/sebin/n/z/screening-step-10.html]
[www.hopkinsmedicine.org/sebin/d/y/screening-step-11.html]
[www.hopkinsmedicine.org/sebin/h/c/screening-step-12.html]
[www.hopkinsmedicine.org/sebin/v/n/step-13.html]
[www.hopkinsmedicine.org/sebin/z/r/step-14.html]
[www.hopkinsmedicine.org/sebin/t/m/screening-step-15.html]
[www.hopkinsmedicine.org/sebin/t/i/patient-pass-signage.html]
[www.hopkinsmedicine.org/sebin/f/v/Catherine-Wren-new-640.html]
[www.hopkinsmedicine.org/coronavirus/_images/extraordinary-people/Catherine-Wren-new.html]
[www.hopkinsmedicine.org/sebin/b/b/Rickey-Jenkins_640.html]
[www.hopkinsmedicine.org/coronavirus/_images/extraordinary-people/Rickey-Jenkins.html]
[www.hopkinsmedicine.org/sebin/b/r/Ladonna-Bingham_640.html]
[www.hopkinsmedicine.org/coronavirus/_images/extraordinary-people/Ladonna-Bingham.html]
[www.hopkinsmedicine.org/sebin/r/z/Bethany-Peters_640.html]
[www.hopkinsmedicine.org/coronavirus/_images/extraordinary-people/Bethany-Peters.html]
[www.hopkinsmedicine.org/sebin/d/e/Shoham-Shmuel_640.html]
[www.hopkinsmedicine.org/sebin/n/p/Teira-Torbit_640.html]
[www.hopkinsmedicine.org/coronavirus/_images/extraordinary-people/Teira-Torbit.html]
[www.hopkinsmedicine.org/sebin/l/w/Nisar-Yaseen_640.html]
[www.hopkinsmedicine.org/coronavirus/_images/extraordinary-people/Nisar-Yaseen.html]
[www.hopkinsmedicine.org/sebin/l/k/Rob-Grader_640.html]
[www.hopkinsmedicine.org/coronavirus/_images/extraordinary-people/Rob-Grader.html]
[www.hopkinsmedicine.org/sebin/p/m/Annette-Jenkins_640.html]
[www.hopkinsmedicine.org/coronavirus/_images/extraordinary-people/Annette-Jenkins.html]
[www.hopkinsmedicine.org/sebin/r/x/Roark-Nixon_640.html]
[www.hopkinsmedicine.org/coronavirus/_images/extraordinary-people/Roark-Nixon.html]
[www.hopkinsmedicine.org/sebin/l/e/Miriam-Zapeda_640.html]
[www.hopkinsmedicine.org/coronavirus/_images/extraordinary-people/Miriam-Zapeda.html]
[www.hopkinsmedicine.org/sebin/p/w/Daliah-Halboni_640.html]
[www.hopkinsmedicine.org/coronavirus/_images/extraordinary-people/Daliah-Halboni.html]
[www.hopkinsmedicine.org/sebin/h/u/Chrystal-Brown-Drive-Through-Testing_640.html]
[www.hopkinsmedicine.org/coronavirus/_images/extraordinary-people/Chrystal-Brown-Drive-Through-Testing.html]
[www.hopkinsmedicine.org/sebin/j/t/Dawn-Silver_640jpg.html]
[www.hopkinsmedicine.org/coronavirus/_images/extraordinary-people/Dawn-Silver.html]
[www.hopkinsmedicine.org/sebin/v/p/Lynne-Lightfoote_640.html]
[www.hopkinsmedicine.org/coronavirus/_images/extraordinary-people/Lynne-Lightfoote.html]
[www.hopkinsmedicine.org/sebin/l/a/Danielle-Hirsch_640.html]
[www.hopkinsmedicine.org/coronavirus/_images/extraordinary-people/Danielle-Hirsch.html]
[www.hopkinsmedicine.org/sebin/h/s/Rally_640.html]
[www.hopkinsmedicine.org/coronavirus/_images/extraordinary-people/Rally_960.html]
[www.hopkinsmedicine.org/sebin/t/k/Cynda-Rushton_640.html]
[www.hopkinsmedicine.org/coronavirus/_images/extraordinary-people/Cynda-Rushton.html]
[www.hopkinsmedicine.org/sebin/b/r/Nurse-Week_640.html]
[www.hopkinsmedicine.org/coronavirus/_images/extraordinary-people/Nurse-Week_960.html]
[www.hopkinsmedicine.org/sebin/n/h/JHOC-Dermatology-Dept_640.html]
[www.hopkinsmedicine.org/coronavirus/_images/extraordinary-people/JHOC-Dermatology-Dept.html]
[www.hopkinsmedicine.org/sebin/d/q/flyover1.html]
[www.hopkinsmedicine.org/coronavirus/extraordinary-people/flyover1.html]
[www.hopkinsmedicine.org/sebin/v/z/flyover2.html]
[www.hopkinsmedicine.org/coronavirus/_images/extraordinary-people/flyover2-large.html]
[www.hopkinsmedicine.org/sebin/t/q/flyover-collage.html]
[www.hopkinsmedicine.org/sebin/b/h/all-image-heroes.html]
[www.hopkinsmedicine.org/sebin/l/m/Monty-Oppenheim_640.html]
[www.hopkinsmedicine.org/coronavirus/_images/extraordinary-people/Monty-Oppenheim.html]
[www.hopkinsmedicine.org/coronavirus/_images/extraordinary-people/Sophie-Lanzkron_960.html]
[www.hopkinsmedicine.org/coronavirus/_images/extraordinary-people/JH-Community-Physicians.html]
[www.hopkinsmedicine.org/sebin/x/a/Marian-Akiwumi_640.html]
[www.hopkinsmedicine.org/coronavirus/_images/extraordinary-people/Marian-Akiwumi.html]
[www.hopkinsmedicine.org/sebin/p/g/All-Childrens-Ready-to-help_640.html]
[www.hopkinsmedicine.org/coronavirus/_images/extraordinary-people/All-Childrens-Ready-to-help.html]
[www.hopkinsmedicine.org/sebin/t/k/Aaron-Mahomes_640.html]
[www.hopkinsmedicine.org/coronavirus/_images/extraordinary-people/Aaron-Mahomes.html]
[www.hopkinsmedicine.org/sebin/d/g/Rafael-Llinas_640.html]
[www.hopkinsmedicine.org/coronavirus/_images/extraordinary-people/Rafael-Llinas.html]
[www.hopkinsmedicine.org/sebin/z/b/Marge-Rodgers_640.html]
[www.hopkinsmedicine.org/coronavirus/_images/extraordinary-people/Marge-Rodgers.html]
[www.hopkinsmedicine.org/coronavirus/_images/extraordinary-people/Amy-Penney.html]
[www.hopkinsmedicine.org/sebin/n/v/KILEN-amy_640.html]
[www.hopkinsmedicine.org/coronavirus/_images/extraordinary-people/KILEN-amy_440.html]
[www.hopkinsmedicine.org/sebin/f/p/Dominck-Metzger_640.html]
[www.hopkinsmedicine.org/coronavirus/_images/extraordinary-people/dominick-metzger.html]
[www.hopkinsmedicine.org/sebin/x/a/Tina-Hoang_640.html]
[www.hopkinsmedicine.org/coronavirus/_images/extraordinary-people/Tina-Hoang.html]
[www.hopkinsmedicine.org/sebin/p/w/jhoc-or-message_640.html]
[www.hopkinsmedicine.org/coronavirus/coronavirus-slider/images/jhoc-or-message.html]
[www.hopkinsmedicine.org/sebin/d/w/peds-emergency1_640.html]
[www.hopkinsmedicine.org/coronavirus/coronavirus-slider/images/peds-emergency1.html]
[www.hopkinsmedicine.org/sebin/n/n/jhtestingstaff_640.html]
[www.hopkinsmedicine.org/coronavirus/coronavirus-slider/images/jhtestingstaff.html]
[www.hopkinsmedicine.org/sebin/l/w/covid19testing_640.html]
[www.hopkinsmedicine.org/coronavirus/coronavirus-slider/images/covid19testing.html]
[www.hopkinsmedicine.org/sebin/j/p/security-staff-wearing-ppe_640.html]
[www.hopkinsmedicine.org/coronavirus/coronavirus-slider/images/security-staff-wearing-ppe.html]
[www.hopkinsmedicine.org/sebin/n/t/drivethrutesting_640.html]
[www.hopkinsmedicine.org/coronavirus/coronavirus-slider/images/drivethrutesting.html]
[www.hopkinsmedicine.org/sebin/r/t/childrens-hospital-staff-2_640.html]
[www.hopkinsmedicine.org/coronavirus/coronavirus-slider/images/childrens-hospital-staff-2.html]
[www.hopkinsmedicine.org/sebin/n/d/cardstostaff_640.html]
[www.hopkinsmedicine.org/coronavirus/coronavirus-slider/images/cardstostaff.html]
[www.hopkinsmedicine.org/sebin/custom/hopkins_apps/remove-option.html]
[www.hopkinsmedicine.org/sebin/l/u/doc_searchtab_bg.html]
[www.hopkinsmedicine.org/sebin/j/x/doc_searchtab_bg_over.html]
[www.hopkinsmedicine.org/sebin/r/d/doc_searchbox.html]
[www.hopkinsmedicine.org/sebin/z/h/doc_go.html]
[www.hopkinsmedicine.org/sebin/p/w/doc_go_2.html]
[www.hopkinsmedicine.org/sebin/x/y/doc_lastnamesearch_bg.html]
[www.hopkinsmedicine.org/sebin/z/j/doc_expertisesearch_bg.html]
[www.hopkinsmedicine.org/sebin/d/k/doc_locationsearch_bg.html]
[www.hopkinsmedicine.org/sebin/l/w/doc_btn_moresearchoptions.html]
[www.hopkinsmedicine.org/sebin/b/z/doc_btn_backtosearch.html]
[www.hopkinsmedicine.org/sebin/e/f/doc_activesearch_bg.html]
[www.hopkinsmedicine.org/sebin/a/f/doc_activesearch_bottom.html]
[www.hopkinsmedicine.org/sebin/k/c/doc_search_bg.html]
[www.hopkinsmedicine.org/sebin/d/y/doc_removeoption.html]
[www.hopkinsmedicine.org/lib/css/redmond/images/ui-icons_217bc0_256x240.html]
[www.hopkinsmedicine.org/sebin/custom/hopkins_apps/ajax-loader.html]
[www.hopkinsmedicine.org/sebin/f/j/globe.html]
[www.hopkinsmedicine.org/sebin/x/e/maryland_icon.html]
[www.hopkinsmedicine.org/sebin/h/u/international-bg.html]
[www.hopkinsmedicine.org/sebin/p/u/search-index-background.html]
[www.hopkinsmedicine.org/sebin/p/v/search-index-background.html]
[www.hopkinsmedicine.org/sebin/x/u/left-arrow.html]
[www.hopkinsmedicine.org/sebin/y/k/bgLeftNav.html]
[www.hopkinsmedicine.org/sebin/h/a/phone_icon.html]
[www.hopkinsmedicine.org/sebin/p/e/start_new_bg.html]
[www.hopkinsmedicine.org/sebin/x/y/start_new_bg_2.html]
[www.hopkinsmedicine.org/sebin/b/h/up-arrow.html]
[www.hopkinsmedicine.org/sebin/d/g/doc_result_bg.html]
[www.hopkinsmedicine.org/lib/docscores/star-ratings-sprite.html]
[www.hopkinsmedicine.org/sebin/z/l/COVID-HCGH658-LIFELINE_640.html]
[www.hopkinsmedicine.org/sebin/h/u/GettyImages-1212600168.html]
[www.hopkinsmedicine.org/sebin/l/i/IMG_2604_640.html]
[www.hopkinsmedicine.org/sebin/j/d/testing-sized.html]
[www.hopkinsmedicine.org/sebin/j/p/pmr-covid-15.html]
[www.hopkinsmedicine.org/sebin/x/e/addiction-telemedicine-hero-640x440.html]
[www.hopkinsmedicine.org/sebin/j/d/Nephrologists-Chirag-Parikh-and-Derek-Fine-640x440.html]
[www.hopkinsmedicine.org/sebin/d/s/derek-fine-reads-machine-640x440.html]
[www.hopkinsmedicine.org/sebin/r/d/connector-640x440.html]
[www.hopkinsmedicine.org/sebin/r/n/mychart-bedside-table-640x440.html]
[www.hopkinsmedicine.org/sebin/d/o/COVID-19-Nursing-Prone-team-640x440.html]
[www.hopkinsmedicine.org/sebin/v/z/GO-TEAM-640x440.html]
[www.hopkinsmedicine.org/sebin/f/h/coronavirus-concert.html]
[www.hopkinsmedicine.org/sebin/n/z/COVID-ICU-illustration.html]
[www.hopkinsmedicine.org/sebin/f/n/COVID-meditation.html]
[www.hopkinsmedicine.org/sebin/r/n/KILEN-amy-640x440.html]
[www.hopkinsmedicine.org/sebin/d/m/COVID-HCGH-3-Francisco-Ruiz-Todd-Heron-and-Babu-Varghese_640.html]
[www.hopkinsmedicine.org/sebin/j/j/SUBURBAN-COVID-50-Negative-Pressure-Michael-Mills_640.html]
[www.hopkinsmedicine.org/sebin/l/o/ficke_james_img.html]
[www.hopkinsmedicine.org/coronavirus/articles/field-hospital-images/callahan_finke_6.html]
[www.hopkinsmedicine.org/coronavirus/articles/field-hospital-images/convention_center_101.html]
[www.hopkinsmedicine.org/coronavirus/articles/field-hospital-images/convention_center_13.html]
[www.hopkinsmedicine.org/coronavirus/articles/field-hospital-images/convention_center_14.html]
[www.hopkinsmedicine.org/coronavirus/articles/field-hospital-images/convention_center_3.html]
[www.hopkinsmedicine.org/coronavirus/articles/field-hospital-images/ficke_james_4.html]
[www.hopkinsmedicine.org/coronavirus/articles/field-hospital-images/howell_eric_1.html]
[www.hopkinsmedicine.org/coronavirus/articles/field-hospital-images/howell_eric_4.html]
[www.hopkinsmedicine.org/coronavirus/articles/field-hospital-images/nickoles_jennifer.html]
[www.hopkinsmedicine.org/coronavirus/articles/field-hospital-images/heads_bowed.html]
[www.hopkinsmedicine.org/coronavirus/articles/field-hospital-images/efron_and_sowers.html]
[www.hopkinsmedicine.org/coronavirus/articles/field-hospital-images/hickman_prayer.html]
[www.hopkinsmedicine.org/coronavirus/articles/field-hospital-images/rows_of_cubicles.html]
[www.hopkinsmedicine.org/coronavirus/_images/timeline-images/1900-Yellow Fever Research_640.html]
[www.hopkinsmedicine.org/coronavirus/_images/timeline-images/1918-Global-Flu-Pandemic_640.html]
[www.hopkinsmedicine.org/coronavirus/_images/timeline-images/1917-WW-I-Efforts_640.html]
[www.hopkinsmedicine.org/coronavirus/_images/timeline-images/1942-WWII-Modifies-Medical-Admission_640.html]
[www.hopkinsmedicine.org/coronavirus/_images/timeline-images/WW-II-Contributions_640.html]
[www.hopkinsmedicine.org/coronavirus/_images/timeline-images/1948-Polio-Breakthrough-640.html]
[www.hopkinsmedicine.org/coronavirus/_images/timeline-images/1980-HIV_AIDS-Clinic-640.html]
[www.hopkinsmedicine.org/coronavirus/_images/timeline-images/dr-john-bartlett-1.html]
[www.hopkinsmedicine.org/coronavirus/_images/timeline-images/1990-HIV_AIDS Treatment-640.html]
[www.hopkinsmedicine.org/coronavirus/_images/timeline-images/2000-Critical-Response-Preparedness_640.html]
[www.hopkinsmedicine.org/coronavirus/_images/timeline-images/biocontainment.html]
[www.hopkinsmedicine.org/coronavirus/_images/timeline-images/2020 Coronavirus Test and Vaccine Research-Top_640.html]
[www.hopkinsmedicine.org/coronavirus/_images/timeline-images/2020-Coronavirus-Test-and-Vaccine-Research-Below_640.html]
[www.hopkinsmedicine.org/sebin/z/f/Anita-and-baby_640.html]
[www.hopkinsmedicine.org/sebin/r/h/garet-howard.html]
[www.hopkinsmedicine.org/sebin/f/n/woman-on-phone.html]
[www.hopkinsmedicine.org/sebin/v/n/Wu_Hung_640.html]
[www.hopkinsmedicine.org/sebin/n/r/man-telemedicine640.html]
[www.hopkinsmedicine.org/sebin/n/h/_DSC_0220_Mostafa_Carroll_1.html]
[www.hopkinsmedicine.org/coronavirus/for-johns-hopkins-patients-Espanol-2.html]
[www.hopkinsmedicine.org/sebin/j/l/coronavirus-closeup.html]
[www.hopkinsmedicine.org/coronavirus/_images/woman blowing nose GettyImages-1187332619_800.html]
[www.hopkinsmedicine.org/sebin/t/k/theirrien-before-hospital.html]
[www.hopkinsmedicine.org/sebin/b/b/theirrien-and-marcy.html]
[www.hopkinsmedicine.org/sebin/custom/hopkins_photos/10000634.html]
[www.hopkinsmedicine.org/sebin/custom/hopkins_photos/9174517.html]
[www.hopkinsmedicine.org/sebin/custom/hopkins_photos/10004428.html]
[www.hopkinsmedicine.org/sebin/custom/hopkins_photos/1913858.html]
[www.hopkinsmedicine.org/sebin/d/s/stephens-reunion-640x440.html]
[www.hopkinsmedicine.org/sebin/x/s/ahmad-spartan-640x900.html]
[www.hopkinsmedicine.org/sebin/p/q/ahmad-in-the-hospital-640x900.html]
[www.hopkinsmedicine.org/sebin/n/l/sammy-eldin-patient-story.html]
